\BOOKMARK [1][-]{section.1}{\376\377\000P\000r\000o\000j\000e\000c\000t\000\040\000O\000v\000e\000r\000v\000i\000e\000w}{}% 1
\BOOKMARK [2][-]{subsection.1.1}{\376\377\000W\000h\000a\000t\000\040\000w\000e\000\040\000w\000e\000r\000e\000\040\000a\000c\000t\000u\000a\000l\000l\000y\000\040\000b\000u\000i\000l\000d\000i\000n\000g}{section.1}% 2
\BOOKMARK [2][-]{subsection.1.2}{\376\377\000T\000h\000e\000\040\000n\000i\000n\000e\000\040\000c\000o\000n\000d\000i\000t\000i\000o\000n\000s}{section.1}% 3
\BOOKMARK [1][-]{section.2}{\376\377\000T\000h\000e\000\040\000M\000o\000d\000e\000l\000:\000\040\000E\000f\000f\000i\000c\000i\000e\000n\000t\000N\000e\000t\000\040\000E\000n\000s\000e\000m\000b\000l\000e}{}% 4
\BOOKMARK [2][-]{subsection.2.1}{\376\377\000W\000h\000a\000t\000\040\000i\000s\000\040\000E\000f\000f\000i\000c\000i\000e\000n\000t\000N\000e\000t\000?}{section.2}% 5
\BOOKMARK [2][-]{subsection.2.2}{\376\377\000W\000h\000y\000\040\000a\000n\000\040\000e\000n\000s\000e\000m\000b\000l\000e\000\040\000o\000f\000\040\000t\000h\000r\000e\000e\000?}{section.2}% 6
\BOOKMARK [2][-]{subsection.2.3}{\376\377\000T\000r\000a\000i\000n\000i\000n\000g\000\040\000d\000a\000t\000a\000:\000\040\000I\000S\000I\000C\000\040\000a\000n\000d\000\040\000H\000A\000M\0001\0000\0000\0000\0000}{section.2}% 7
\BOOKMARK [1][-]{section.3}{\376\377\000T\000h\000e\000\040\000I\000n\000f\000e\000r\000e\000n\000c\000e\000\040\000P\000i\000p\000e\000l\000i\000n\000e}{}% 8
\BOOKMARK [2][-]{subsection.3.1}{\376\377\000E\000n\000d\000-\000t\000o\000-\000e\000n\000d\000\040\000f\000l\000o\000w}{section.3}% 9
\BOOKMARK [2][-]{subsection.3.2}{\376\377\000P\000r\000e\000p\000r\000o\000c\000e\000s\000s\000i\000n\000g}{section.3}% 10
\BOOKMARK [1][-]{section.4}{\376\377\000T\000e\000s\000t\000-\000T\000i\000m\000e\000\040\000A\000u\000g\000m\000e\000n\000t\000a\000t\000i\000o\000n\000\040\000\050\000T\000T\000A\000\051}{}% 11
\BOOKMARK [2][-]{subsection.4.1}{\376\377\000W\000h\000a\000t\000\040\000i\000s\000\040\000T\000T\000A\000\040\000a\000n\000d\000\040\000w\000h\000y\000\040\000d\000o\000e\000s\000\040\000i\000t\000\040\000h\000e\000l\000p\000?}{section.4}% 12
\BOOKMARK [2][-]{subsection.4.2}{\376\377\000O\000u\000r\000\040\000i\000m\000p\000l\000e\000m\000e\000n\000t\000a\000t\000i\000o\000n}{section.4}% 13
\BOOKMARK [2][-]{subsection.4.3}{\376\377\000W\000h\000y\000\040\000t\000h\000e\000s\000e\000\040\000f\000o\000u\000r\000\040\000v\000i\000e\000w\000s\000\040\000s\000p\000e\000c\000i\000f\000i\000c\000a\000l\000l\000y\000?}{section.4}% 14
\BOOKMARK [1][-]{section.5}{\376\377\000D\000i\000a\000g\000n\000o\000s\000i\000n\000g\000\040\000t\000h\000e\000\040\000C\000l\000a\000s\000s\000\040\000I\000m\000b\000a\000l\000a\000n\000c\000e\000\040\000P\000r\000o\000b\000l\000e\000m}{}% 15
\BOOKMARK [2][-]{subsection.5.1}{\376\377\000T\000h\000e\000\040\000m\000i\000s\000l\000e\000a\000d\000i\000n\000g\000\040\0008\0000\000\045\000\040\000a\000c\000c\000u\000r\000a\000c\000y\000\040\000f\000i\000g\000u\000r\000e}{section.5}% 16
\BOOKMARK [2][-]{subsection.5.2}{\376\377\000B\000a\000l\000a\000n\000c\000e\000d\000\040\000a\000c\000c\000u\000r\000a\000c\000y}{section.5}% 17
\BOOKMARK [2][-]{subsection.5.3}{\376\377\000H\000o\000w\000\040\000w\000e\000\040\000m\000e\000a\000s\000u\000r\000e\000d\000\040\000i\000t}{section.5}% 18
\BOOKMARK [2][-]{subsection.5.4}{\376\377\000R\000e\000s\000u\000l\000t\000s\000:\000\040\000t\000h\000e\000\040\000b\000r\000u\000t\000a\000l\000\040\000t\000r\000u\000t\000h}{section.5}% 19
\BOOKMARK [1][-]{section.6}{\376\377\000T\000e\000m\000p\000e\000r\000a\000t\000u\000r\000e\000\040\000S\000c\000a\000l\000i\000n\000g\000:\000\040\000T\000h\000e\000o\000r\000y\000\040\000a\000n\000d\000\040\000I\000m\000p\000l\000e\000m\000e\000n\000t\000a\000t\000i\000o\000n}{}% 20
\BOOKMARK [2][-]{subsection.6.1}{\376\377\000T\000h\000e\000\040\000i\000d\000e\000a}{section.6}% 21
\BOOKMARK [2][-]{subsection.6.2}{\376\377\000P\000e\000r\000-\000c\000l\000a\000s\000s\000\040\000t\000e\000m\000p\000e\000r\000a\000t\000u\000r\000e\000\040\000s\000c\000a\000l\000i\000n\000g}{section.6}% 22
\BOOKMARK [2][-]{subsection.6.3}{\376\377\000T\000h\000e\000\040\000c\000r\000i\000t\000i\000c\000a\000l\000\040\000b\000u\000g\000:\000\040\000r\000e\000v\000e\000r\000s\000e\000d\000\040\000d\000i\000r\000e\000c\000t\000i\000o\000n}{section.6}% 23
\BOOKMARK [2][-]{subsection.6.4}{\376\377\000D\000e\000r\000i\000v\000i\000n\000g\000\040\000c\000o\000r\000r\000e\000c\000t\000\040\000t\000e\000m\000p\000e\000r\000a\000t\000u\000r\000e\000\040\000v\000a\000l\000u\000e\000s}{section.6}% 24
\BOOKMARK [2][-]{subsection.6.5}{\376\377\000F\000i\000n\000a\000l\000\040\000t\000e\000m\000p\000e\000r\000a\000t\000u\000r\000e\000\040\000v\000a\000l\000u\000e\000s}{section.6}% 25
\BOOKMARK [2][-]{subsection.6.6}{\376\377\000R\000e\000s\000u\000l\000t\000s\000\040\000a\000f\000t\000e\000r\000\040\000t\000e\000m\000p\000e\000r\000a\000t\000u\000r\000e\000\040\000s\000c\000a\000l\000i\000n\000g}{section.6}% 26
\BOOKMARK [1][-]{section.7}{\376\377\000C\000a\000l\000i\000b\000r\000a\000t\000e\000d\000\040\000L\000o\000g\000i\000s\000t\000i\000c\000\040\000R\000e\000g\000r\000e\000s\000s\000i\000o\000n\000\040\000H\000e\000a\000d}{}% 27
\BOOKMARK [2][-]{subsection.7.1}{\376\377\000W\000h\000y\000\040\000t\000e\000m\000p\000e\000r\000a\000t\000u\000r\000e\000\040\000s\000c\000a\000l\000i\000n\000g\000\040\000h\000i\000t\000s\000\040\000a\000\040\000c\000e\000i\000l\000i\000n\000g}{section.7}% 28
\BOOKMARK [2][-]{subsection.7.2}{\376\377\000L\000o\000g\000i\000s\000t\000i\000c\000\040\000r\000e\000g\000r\000e\000s\000s\000i\000o\000n\000\040\000a\000s\000\040\000g\000e\000n\000e\000r\000a\000l\000i\000s\000e\000d\000\040\000t\000e\000m\000p\000e\000r\000a\000t\000u\000r\000e\000\040\000s\000c\000a\000l\000i\000n\000g}{section.7}% 29
\BOOKMARK [2][-]{subsection.7.3}{\376\377\000I\000m\000p\000l\000e\000m\000e\000n\000t\000a\000t\000i\000o\000n}{section.7}% 30
\BOOKMARK [2][-]{subsection.7.4}{\376\377\000T\000r\000a\000i\000n\000i\000n\000g\000\040\000d\000a\000t\000a\000\040\000a\000n\000d\000\040\000e\000x\000p\000e\000r\000i\000m\000e\000n\000t\000a\000l\000\040\000d\000e\000s\000i\000g\000n}{section.7}% 31
\BOOKMARK [2][-]{subsection.7.5}{\376\377\000R\000e\000s\000u\000l\000t\000s}{section.7}% 32
\BOOKMARK [2][-]{subsection.7.6}{\376\377\000W\000h\000a\000t\000\040\000t\000h\000e\000\040\000L\000R\000\040\000h\000e\000a\000d\000\040\000c\000a\000n\000n\000o\000t\000\040\000f\000i\000x}{section.7}% 33
\BOOKMARK [1][-]{section.8}{\376\377\000L\000D\000A\000M\000\040\000F\000i\000n\000e\000-\000T\000u\000n\000i\000n\000g\000:\000\040\000T\000h\000e\000\040\000R\000e\000a\000l\000\040\000F\000i\000x}{}% 34
\BOOKMARK [2][-]{subsection.8.1}{\376\377\000T\000h\000e\000\040\000l\000o\000n\000g\000-\000t\000a\000i\000l\000\040\000c\000l\000a\000s\000s\000i\000f\000i\000c\000a\000t\000i\000o\000n\000\040\000p\000r\000o\000b\000l\000e\000m}{section.8}% 35
\BOOKMARK [2][-]{subsection.8.2}{\376\377\000L\000a\000b\000e\000l\000-\000D\000i\000s\000t\000r\000i\000b\000u\000t\000i\000o\000n\000-\000A\000w\000a\000r\000e\000\040\000M\000a\000r\000g\000i\000n\000\040\000\050\000L\000D\000A\000M\000\051\000\040\000l\000o\000s\000s}{section.8}% 36
\BOOKMARK [2][-]{subsection.8.3}{\376\377\000D\000e\000f\000e\000r\000r\000e\000d\000\040\000R\000e\000-\000W\000e\000i\000g\000h\000t\000i\000n\000g\000\040\000\050\000D\000R\000W\000\051\000\040\000s\000c\000h\000e\000d\000u\000l\000e}{section.8}% 37
\BOOKMARK [2][-]{subsection.8.4}{\376\377\000F\000i\000n\000e\000-\000t\000u\000n\000i\000n\000g\000\040\000s\000t\000r\000a\000t\000e\000g\000y\000:\000\040\000f\000r\000e\000e\000z\000e\000\040\000t\000h\000e\000n\000\040\000u\000n\000f\000r\000e\000e\000z\000e}{section.8}% 38
\BOOKMARK [2][-]{subsection.8.5}{\376\377\000R\000u\000n\000n\000i\000n\000g\000\040\000t\000h\000e\000\040\000f\000i\000n\000e\000-\000t\000u\000n\000i\000n\000g\000\040\000j\000o\000b}{section.8}% 39
\BOOKMARK [1][-]{section.9}{\376\377\000D\000e\000p\000l\000o\000y\000m\000e\000n\000t\000\040\000A\000r\000c\000h\000i\000t\000e\000c\000t\000u\000r\000e}{}% 40
\BOOKMARK [2][-]{subsection.9.1}{\376\377\000F\000r\000o\000n\000t\000e\000n\000d\000:\000\040\000V\000e\000r\000c\000e\000l\000\040\000s\000t\000a\000t\000i\000c\000\040\000h\000o\000s\000t\000i\000n\000g}{section.9}% 41
\BOOKMARK [2][-]{subsection.9.2}{\376\377\000B\000a\000c\000k\000e\000n\000d\000:\000\040\000M\000o\000d\000a\000l\000\040\000s\000e\000r\000v\000e\000r\000l\000e\000s\000s\000\040\000G\000P\000U}{section.9}% 42
\BOOKMARK [2][-]{subsection.9.3}{\376\377\000C\000O\000R\000S\000\040\000c\000o\000n\000f\000i\000g\000u\000r\000a\000t\000i\000o\000n}{section.9}% 43
\BOOKMARK [1][-]{section.10}{\376\377\000B\000u\000g\000s\000\040\000E\000n\000c\000o\000u\000n\000t\000e\000r\000e\000d\000\040\000a\000n\000d\000\040\000F\000i\000x\000e\000d}{}% 44
\BOOKMARK [2][-]{subsection.10.1}{\376\377\000w\000i\000n\000d\000o\000w\000.\000S\000K\000I\000N\000A\000I\000\040\000v\000s\000\040\000w\000i\000n\000d\000o\000w\000.\000S\000k\000i\000n\000A\000I}{section.10}% 45
\BOOKMARK [2][-]{subsection.10.2}{\376\377\000T\000e\000m\000p\000e\000r\000a\000t\000u\000r\000e\000\040\000s\000c\000a\000l\000i\000n\000g\000\040\000d\000i\000r\000e\000c\000t\000i\000o\000n\000\040\000r\000e\000v\000e\000r\000s\000a\000l}{section.10}% 46
\BOOKMARK [2][-]{subsection.10.3}{\376\377\000F\000a\000l\000s\000e\000\040\000p\000o\000s\000i\000t\000i\000v\000e\000s\000\040\000f\000r\000o\000m\000\040\000t\000o\000p\000-\0003\000\040\000h\000i\000g\000h\000-\000r\000i\000s\000k\000\040\000c\000h\000e\000c\000k}{section.10}% 47
\BOOKMARK [1][-]{section.11}{\376\377\000M\000e\000t\000r\000i\000c\000s\000\040\000a\000n\000d\000\040\000H\000o\000n\000e\000s\000t\000\040\000E\000v\000a\000l\000u\000a\000t\000i\000o\000n}{}% 48
\BOOKMARK [2][-]{subsection.11.1}{\376\377\000P\000r\000e\000v\000a\000l\000e\000n\000c\000e\000-\000w\000e\000i\000g\000h\000t\000e\000d\000\040\000a\000c\000c\000u\000r\000a\000c\000y}{section.11}% 49
\BOOKMARK [2][-]{subsection.11.2}{\376\377\000F\000u\000l\000l\000\040\000m\000e\000t\000r\000i\000c\000\040\000t\000a\000b\000l\000e\000\040\000\050\000c\000u\000r\000r\000e\000n\000t\000\040\000p\000r\000o\000d\000u\000c\000t\000i\000o\000n\000\051}{section.11}% 50
\BOOKMARK [1][-]{section.12}{\376\377\000S\000k\000i\000l\000l\000s\000\040\000a\000n\000d\000\040\000C\000o\000n\000c\000e\000p\000t\000s\000\040\000f\000o\000r\000\040\000F\000u\000t\000u\000r\000e\000\040\000P\000r\000o\000j\000e\000c\000t\000s}{}% 51
\BOOKMARK [2][-]{subsection.12.1}{\376\377\000T\000h\000e\000\040\0008\0000\000\045\000\040\000a\000c\000c\000u\000r\000a\000c\000y\000\040\000t\000r\000a\000p}{section.12}% 52
\BOOKMARK [2][-]{subsection.12.2}{\376\377\000D\000i\000a\000g\000n\000o\000s\000i\000n\000g\000\040\000w\000i\000t\000h\000o\000u\000t\000\040\000l\000a\000b\000e\000l\000s}{section.12}% 53
\BOOKMARK [2][-]{subsection.12.3}{\376\377\000P\000o\000s\000t\000-\000h\000o\000c\000\040\000c\000a\000l\000i\000b\000r\000a\000t\000i\000o\000n\000\040\000h\000i\000e\000r\000a\000r\000c\000h\000y}{section.12}% 54
\BOOKMARK [2][-]{subsection.12.4}{\376\377\000S\000e\000r\000v\000e\000r\000l\000e\000s\000s\000\040\000G\000P\000U\000\040\000w\000o\000r\000k\000f\000l\000o\000w}{section.12}% 55
\BOOKMARK [2][-]{subsection.12.5}{\376\377\000E\000n\000s\000e\000m\000b\000l\000e\000\040\000d\000e\000s\000i\000g\000n\000\040\000c\000h\000e\000c\000k\000l\000i\000s\000t}{section.12}% 56
\BOOKMARK [1][-]{section.13}{\376\377\000C\000o\000d\000e\000b\000a\000s\000e\000\040\000R\000e\000f\000e\000r\000e\000n\000c\000e}{}% 57
\BOOKMARK [2][-]{subsection.13.1}{\376\377\000R\000e\000-\000r\000u\000n\000n\000i\000n\000g\000\040\000c\000a\000l\000i\000b\000r\000a\000t\000i\000o\000n\000\040\000a\000f\000t\000e\000r\000\040\000b\000a\000c\000k\000b\000o\000n\000e\000\040\000r\000e\000t\000r\000a\000i\000n}{section.13}% 58
\BOOKMARK [1][-]{section.14}{\376\377\000F\000u\000r\000t\000h\000e\000r\000\040\000R\000e\000a\000d\000i\000n\000g}{}% 59
\BOOKMARK [1][-]{section.15}{\376\377\000F\000i\000n\000a\000l\000\040\000A\000r\000c\000h\000i\000t\000e\000c\000t\000u\000r\000e\000\040\000D\000e\000c\000i\000s\000i\000o\000n\000:\000\040\000S\000C\000C\000\040\000R\000e\000m\000o\000v\000a\000l\000\040\000\050\000J\000u\000n\000e\000\040\0002\0000\0002\0006\000\051}{}% 60
